// Jest Snapshot v1, https://goo.gl/fbAQLP

exports[`should match snapshot 1`] = `
<div
  className="App"
>
  <Header />
  <div
    className="Button--container"
  >
    <Button
      getCategoryData={[Function]}
      title="People"
    />
    <Button
      getCategoryData={[Function]}
      title="Planets"
    />
    <Button
      getCategoryData={[Function]}
      title="Vehicles"
    />
  </div>
  <main>
    <Movie
      randomFilmText=""
    />
    <CardsContainer
      people={Array []}
    />
  </main>
</div>
`;
