// Jest Snapshot v1, https://goo.gl/fbAQLP

exports[`App should match snapshot 1`] = `
<div
  className="App"
>
  <Header />
  <div
    className="Button--container"
  >
    <button
      className="Button people-btn"
      onClick={[Function]}
    >
      People
    </button>
    <button
      className="Button planet-btn"
      onClick={[Function]}
    >
      Planets
    </button>
    <button
      className="Button vehicle-btn"
      onClick={[Function]}
    >
      Vehicles
    </button>
  </div>
  <main>
    <Movie />
    <CardsContainer
      activeCategory=""
      people={Array []}
    />
  </main>
</div>
`;
